// Jest Snapshot v1, https://goo.gl/fbAQLP

exports[`renders 1`] = `
<View
  onMoveShouldSetResponder={[Function]}
  onMoveShouldSetResponderCapture={[Function]}
  onResponderEnd={[Function]}
  onResponderGrant={[Function]}
  onResponderMove={[Function]}
  onResponderReject={[Function]}
  onResponderRelease={[Function]}
  onResponderStart={[Function]}
  onResponderTerminate={[Function]}
  onResponderTerminationRequest={[Function]}
  onStartShouldSetResponder={[Function]}
  onStartShouldSetResponderCapture={[Function]}
  onSwipeLeft={[MockFunction]}
  onSwipeRight={[MockFunction]}
  style={
    Object {
      "height": "98%",
      "width": "100%",
    }
  }
>
  <View
    style={
      Object {
        "alignItems": "baseline",
        "display": "flex",
        "flexDirection": "row",
        "flexWrap": "wrap",
        "justifyContent": "flex-start",
        "marginTop": 8,
      }
    }
  >
    <BackButton />
  </View>
  <Image
    loadingIndicatorSource={
      Object {
        "testUri": "../../../src/assets/spinningwheel-300x216.gif",
      }
    }
    resizeMode="contain"
    source={
      Object {
        "uri": "https://my.url.org",
      }
    }
    style={
      Object {
        "flex": 1,
        "height": undefined,
        "marginBottom": 5,
        "marginTop": 5,
        "width": undefined,
      }
    }
  />
</View>
`;
