// Jest Snapshot v1, https://goo.gl/fbAQLP

exports[`renders 1`] = `
<View
  style={
    Object {
      "height": "98%",
      "marginBottom": 5,
      "marginTop": 5,
      "width": "100%",
    }
  }
>
  <View
    style={
      Object {
        "marginLeft": 20,
      }
    }
  >
    <BackButton
      style={
        Object {
          "marginLeft": 20,
        }
      }
    />
  </View>
  <Image
    resizeMode="contain"
    source={
      Object {
        "uri": "https://my.url.org",
      }
    }
    style={
      Object {
        "flex": 1,
        "height": undefined,
        "width": undefined,
      }
    }
  />
</View>
`;
