// Jest Snapshot v1, https://goo.gl/fbAQLP

exports[`renders ActivityIndicator if isFetching is true 1`] = `
<View
  style={
    Object {
      "alignItems": "center",
    }
  }
>
  <ActivityIndicator
    animating={true}
    color="#05347f"
    hidesWhenStopped={true}
    size="large"
  />
</View>
`;

exports[`renders nothing if isFetching is false 1`] = `null`;
