// Jest Snapshot v1, https://goo.gl/fbAQLP

exports[`renders 1`] = `
<View
  style={
    Object {
      "alignItems": "baseline",
      "flexDirection": "row",
      "flexWrap": "wrap",
      "justifyContent": "space-between",
      "marginBottom": 8,
      "marginTop": 10,
    }
  }
>
  <View
    style={
      Object {
        "flexDirection": "row",
        "flexWrap": "wrap",
      }
    }
  >
    <Text
      accessible={true}
      allowFontScaling={true}
      ellipsizeMode="tail"
      style={
        Object {
          "color": "white",
          "flexWrap": "wrap",
          "fontSize": 20,
          "fontWeight": "bold",
          "marginLeft": 10,
        }
      }
    >
      The Battle of Algiers
    </Text>
    <Text
      accessible={true}
      allowFontScaling={true}
      ellipsizeMode="tail"
      style={
        Object {
          "color": "lightgray",
          "fontSize": 16,
        }
      }
    >
        (1966)
    </Text>
  </View>
  <View
    style={
      Object {
        "width": 24,
      }
    }
  >
    <Text
      accessible={true}
      allowFontScaling={true}
      ellipsizeMode="tail"
      style={
        Object {
          "color": "transparent",
        }
      }
    >
      x
    </Text>
  </View>
</View>
`;
