// Jest Snapshot v1, https://goo.gl/fbAQLP

exports[`renders list of titles 1`] = `
<RCTScrollView
  style={
    Object {
      "alignContent": "flex-start",
      "backgroundColor": "#05347f",
      "borderStyle": "solid",
      "borderTopColor": "white",
      "borderTopWidth": 2,
      "height": "100%",
      "paddingTop": 30,
    }
  }
>
  <View>
    <View
      style={
        Object {
          "alignItems": "center",
          "marginBottom": 15,
          "marginTop": 15,
        }
      }
    >
      <Text
        accessible={true}
        allowFontScaling={true}
        ellipsizeMode="tail"
        style={
          Object {
            "color": "white",
            "fontSize": 14,
            "marginBottom": 10,
          }
        }
      >
        Written By:
      </Text>
      <Text
        accessible={true}
        allowFontScaling={true}
        ellipsizeMode="tail"
        style={
          Object {
            "color": "white",
            "fontSize": 16,
            "marginBottom": 10,
          }
        }
      >
        Lawrence Siden
      </Text>
      <Text
        accessible={true}
        allowFontScaling={true}
        ellipsizeMode="tail"
        onPress={[Function]}
        style={
          Object {
            "color": "white",
            "fontSize": 16,
            "marginBottom": 10,
            "textDecorationLine": "underline",
          }
        }
      >
        Westside Consulting LLC
      </Text>
      <Text
        accessible={true}
        allowFontScaling={true}
        ellipsizeMode="tail"
        onPress={[Function]}
        style={
          Object {
            "color": "white",
            "fontSize": 16,
            "marginBottom": 10,
            "textDecorationLine": "underline",
          }
        }
      >
        westsideconsultingllc@gmail.com
      </Text>
    </View>
    <View
      style={
        Object {
          "alignItems": "center",
          "marginBottom": 15,
          "marginTop": 15,
        }
      }
    >
      <Text
        accessible={true}
        allowFontScaling={true}
        ellipsizeMode="tail"
        style={
          Object {
            "color": "white",
            "fontSize": 14,
            "marginBottom": 10,
          }
        }
      >
        Credits:
      </Text>
      <Text
        accessible={true}
        allowFontScaling={true}
        ellipsizeMode="tail"
        onPress={[Function]}
        style={
          Object {
            "color": "white",
            "fontSize": 16,
            "marginBottom": 10,
            "textDecorationLine": "underline",
          }
        }
      >
        Create React Native App
      </Text>
      <Text
        accessible={true}
        allowFontScaling={true}
        ellipsizeMode="tail"
        onPress={[Function]}
        style={
          Object {
            "color": "white",
            "fontSize": 16,
            "marginBottom": 10,
            "textDecorationLine": "underline",
          }
        }
      >
        Open Movie Database
      </Text>
      <Text
        accessible={true}
        allowFontScaling={true}
        ellipsizeMode="tail"
        onPress={[Function]}
        style={
          Object {
            "color": "white",
            "fontSize": 16,
            "marginBottom": 10,
            "textDecorationLine": "underline",
          }
        }
      >
        Icons8
      </Text>
    </View>
    <View
      style={
        Object {
          "alignItems": "center",
          "marginBottom": 15,
          "marginTop": 15,
        }
      }
    >
      <Text
        accessible={true}
        allowFontScaling={true}
        ellipsizeMode="tail"
        style={
          Object {
            "color": "white",
            "fontSize": 14,
            "marginBottom": 10,
          }
        }
      >
        Source code:
      </Text>
      <Text
        accessible={true}
        allowFontScaling={true}
        ellipsizeMode="tail"
        onPress={[Function]}
        style={
          Object {
            "color": "white",
            "fontSize": 16,
            "marginBottom": 10,
            "textDecorationLine": "underline",
          }
        }
      >
        react-native-omdb-viewer
      </Text>
    </View>
  </View>
</RCTScrollView>
`;
