// Jest Snapshot v1, https://goo.gl/fbAQLP

exports[`renders list of titles 1`] = `
Array [
  <View
    style={
      Object {
        "marginLeft": 10,
        "marginTop": 5,
      }
    }
  >
    <Text
      accessible={true}
      allowFontScaling={true}
      ellipsizeMode="tail"
      style={
        Object {
          "color": "#210d87",
          "fontSize": 14,
        }
      }
    >
      Found undefined results.
    </Text>
  </View>,
  <View
    style={
      Array [
        Object {
          "backgroundColor": "#ffffff",
          "borderColor": "#bbb",
          "borderTopWidth": 1,
          "marginTop": 20,
        },
        undefined,
      ]
    }
  >
    <View
      accessibilityComponentType={undefined}
      accessibilityLabel={undefined}
      accessibilityTraits={undefined}
      accessible={true}
      collapsable={undefined}
      hasTVPreferredFocus={undefined}
      hitSlop={undefined}
      isTVSelectable={true}
      nativeID={undefined}
      onLayout={undefined}
      onResponderGrant={[Function]}
      onResponderMove={[Function]}
      onResponderRelease={[Function]}
      onResponderTerminate={[Function]}
      onResponderTerminationRequest={[Function]}
      onStartShouldSetResponder={[Function]}
      style={
        Object {
          "opacity": 1,
        }
      }
      testID={undefined}
      tvParallaxProperties={undefined}
    >
      <View
        disabled={false}
        onLongPress={undefined}
        onPress={undefined}
        style={
          Array [
            Object {
              "backgroundColor": "transparent",
              "borderBottomColor": "#bbb",
              "borderBottomWidth": 1,
              "paddingBottom": 10,
              "paddingRight": 10,
              "paddingTop": 10,
            },
            undefined,
            false,
            false,
          ]
        }
        underlayColor="white"
      >
        <View
          style={
            Array [
              Object {
                "alignItems": "center",
                "flexDirection": "row",
                "marginLeft": 10,
              },
              undefined,
            ]
          }
        >
          <View
            style={
              Object {
                "flex": 1,
                "justifyContent": "center",
              }
            }
          >
            <View
              style={undefined}
            >
              <Text
                accessible={true}
                allowFontScaling={true}
                ellipsizeMode="tail"
                numberOfLines={1}
                style={
                  Array [
                    Object {},
                    undefined,
                    undefined,
                    undefined,
                    undefined,
                    undefined,
                    undefined,
                    undefined,
                    undefined,
                    undefined,
                    Array [
                      Object {
                        "color": "#43484d",
                        "fontSize": 17.5,
                      },
                      Object {
                        "marginLeft": 10,
                      },
                      undefined,
                      undefined,
                    ],
                  ]
                }
              >
                The Hobbit: The Battle of the Five Armies
              </Text>
            </View>
            <View
              style={undefined}
            >
              <Text
                accessible={true}
                allowFontScaling={true}
                ellipsizeMode="tail"
                numberOfLines={1}
                style={
                  Array [
                    Object {},
                    undefined,
                    undefined,
                    undefined,
                    undefined,
                    undefined,
                    undefined,
                    undefined,
                    undefined,
                    undefined,
                    Array [
                      Object {
                        "color": "#86939e",
                        "fontSize": 15,
                        "fontWeight": "600",
                        "marginTop": 1,
                      },
                      Object {
                        "marginLeft": 10,
                      },
                      undefined,
                      undefined,
                    ],
                  ]
                }
              >
                2014
              </Text>
            </View>
          </View>
          <View
            accessibilityComponentType={undefined}
            accessibilityLabel={undefined}
            accessibilityTraits={undefined}
            accessible={true}
            collapsable={undefined}
            hasTVPreferredFocus={undefined}
            hitSlop={undefined}
            isTVSelectable={true}
            nativeID={undefined}
            onLayout={undefined}
            onResponderGrant={[Function]}
            onResponderMove={[Function]}
            onResponderRelease={[Function]}
            onResponderTerminate={[Function]}
            onResponderTerminationRequest={[Function]}
            onStartShouldSetResponder={[Function]}
            style={
              Object {
                "alignItems": "flex-end",
                "justifyContent": "center",
                "opacity": 1,
              }
            }
            testID={undefined}
            tvParallaxProperties={undefined}
          >
            <View
              onPress={undefined}
              style={
                Array [
                  false,
                  false,
                  false,
                  Object {
                    "alignItems": "center",
                    "backgroundColor": "transparent",
                    "justifyContent": "center",
                  },
                  undefined,
                ]
              }
              underlayColor="white"
            >
              <Text
                accessible={true}
                allowFontScaling={false}
                ellipsizeMode="tail"
                style={
                  Array [
                    Object {
                      "color": "#bdc6cf",
                      "fontSize": 28,
                    },
                    Array [
                      Object {
                        "backgroundColor": "transparent",
                      },
                      undefined,
                    ],
                    Object {
                      "fontFamily": "Material Icons",
                      "fontStyle": "normal",
                      "fontWeight": "normal",
                    },
                  ]
                }
              >
                
              </Text>
            </View>
          </View>
        </View>
      </View>
    </View>
    <View
      accessibilityComponentType={undefined}
      accessibilityLabel={undefined}
      accessibilityTraits={undefined}
      accessible={true}
      collapsable={undefined}
      hasTVPreferredFocus={undefined}
      hitSlop={undefined}
      isTVSelectable={true}
      nativeID={undefined}
      onLayout={undefined}
      onResponderGrant={[Function]}
      onResponderMove={[Function]}
      onResponderRelease={[Function]}
      onResponderTerminate={[Function]}
      onResponderTerminationRequest={[Function]}
      onStartShouldSetResponder={[Function]}
      style={
        Object {
          "opacity": 1,
        }
      }
      testID={undefined}
      tvParallaxProperties={undefined}
    >
      <View
        disabled={false}
        onLongPress={undefined}
        onPress={undefined}
        style={
          Array [
            Object {
              "backgroundColor": "transparent",
              "borderBottomColor": "#bbb",
              "borderBottomWidth": 1,
              "paddingBottom": 10,
              "paddingRight": 10,
              "paddingTop": 10,
            },
            undefined,
            false,
            false,
          ]
        }
        underlayColor="white"
      >
        <View
          style={
            Array [
              Object {
                "alignItems": "center",
                "flexDirection": "row",
                "marginLeft": 10,
              },
              undefined,
            ]
          }
        >
          <View
            style={
              Object {
                "flex": 1,
                "justifyContent": "center",
              }
            }
          >
            <View
              style={undefined}
            >
              <Text
                accessible={true}
                allowFontScaling={true}
                ellipsizeMode="tail"
                numberOfLines={1}
                style={
                  Array [
                    Object {},
                    undefined,
                    undefined,
                    undefined,
                    undefined,
                    undefined,
                    undefined,
                    undefined,
                    undefined,
                    undefined,
                    Array [
                      Object {
                        "color": "#43484d",
                        "fontSize": 17.5,
                      },
                      Object {
                        "marginLeft": 10,
                      },
                      undefined,
                      undefined,
                    ],
                  ]
                }
              >
                Battle Los Angeles
              </Text>
            </View>
            <View
              style={undefined}
            >
              <Text
                accessible={true}
                allowFontScaling={true}
                ellipsizeMode="tail"
                numberOfLines={1}
                style={
                  Array [
                    Object {},
                    undefined,
                    undefined,
                    undefined,
                    undefined,
                    undefined,
                    undefined,
                    undefined,
                    undefined,
                    undefined,
                    Array [
                      Object {
                        "color": "#86939e",
                        "fontSize": 15,
                        "fontWeight": "600",
                        "marginTop": 1,
                      },
                      Object {
                        "marginLeft": 10,
                      },
                      undefined,
                      undefined,
                    ],
                  ]
                }
              >
                2011
              </Text>
            </View>
          </View>
          <View
            accessibilityComponentType={undefined}
            accessibilityLabel={undefined}
            accessibilityTraits={undefined}
            accessible={true}
            collapsable={undefined}
            hasTVPreferredFocus={undefined}
            hitSlop={undefined}
            isTVSelectable={true}
            nativeID={undefined}
            onLayout={undefined}
            onResponderGrant={[Function]}
            onResponderMove={[Function]}
            onResponderRelease={[Function]}
            onResponderTerminate={[Function]}
            onResponderTerminationRequest={[Function]}
            onStartShouldSetResponder={[Function]}
            style={
              Object {
                "alignItems": "flex-end",
                "justifyContent": "center",
                "opacity": 1,
              }
            }
            testID={undefined}
            tvParallaxProperties={undefined}
          >
            <View
              onPress={undefined}
              style={
                Array [
                  false,
                  false,
                  false,
                  Object {
                    "alignItems": "center",
                    "backgroundColor": "transparent",
                    "justifyContent": "center",
                  },
                  undefined,
                ]
              }
              underlayColor="white"
            >
              <Text
                accessible={true}
                allowFontScaling={false}
                ellipsizeMode="tail"
                style={
                  Array [
                    Object {
                      "color": "#bdc6cf",
                      "fontSize": 28,
                    },
                    Array [
                      Object {
                        "backgroundColor": "transparent",
                      },
                      undefined,
                    ],
                    Object {
                      "fontFamily": "Material Icons",
                      "fontStyle": "normal",
                      "fontWeight": "normal",
                    },
                  ]
                }
              >
                
              </Text>
            </View>
          </View>
        </View>
      </View>
    </View>
    <View
      accessibilityComponentType={undefined}
      accessibilityLabel={undefined}
      accessibilityTraits={undefined}
      accessible={true}
      collapsable={undefined}
      hasTVPreferredFocus={undefined}
      hitSlop={undefined}
      isTVSelectable={true}
      nativeID={undefined}
      onLayout={undefined}
      onResponderGrant={[Function]}
      onResponderMove={[Function]}
      onResponderRelease={[Function]}
      onResponderTerminate={[Function]}
      onResponderTerminationRequest={[Function]}
      onStartShouldSetResponder={[Function]}
      style={
        Object {
          "opacity": 1,
        }
      }
      testID={undefined}
      tvParallaxProperties={undefined}
    >
      <View
        disabled={false}
        onLongPress={undefined}
        onPress={undefined}
        style={
          Array [
            Object {
              "backgroundColor": "transparent",
              "borderBottomColor": "#bbb",
              "borderBottomWidth": 1,
              "paddingBottom": 10,
              "paddingRight": 10,
              "paddingTop": 10,
            },
            undefined,
            false,
            false,
          ]
        }
        underlayColor="white"
      >
        <View
          style={
            Array [
              Object {
                "alignItems": "center",
                "flexDirection": "row",
                "marginLeft": 10,
              },
              undefined,
            ]
          }
        >
          <View
            style={
              Object {
                "flex": 1,
                "justifyContent": "center",
              }
            }
          >
            <View
              style={undefined}
            >
              <Text
                accessible={true}
                allowFontScaling={true}
                ellipsizeMode="tail"
                numberOfLines={1}
                style={
                  Array [
                    Object {},
                    undefined,
                    undefined,
                    undefined,
                    undefined,
                    undefined,
                    undefined,
                    undefined,
                    undefined,
                    undefined,
                    Array [
                      Object {
                        "color": "#43484d",
                        "fontSize": 17.5,
                      },
                      Object {
                        "marginLeft": 10,
                      },
                      undefined,
                      undefined,
                    ],
                  ]
                }
              >
                Battle Royale
              </Text>
            </View>
            <View
              style={undefined}
            >
              <Text
                accessible={true}
                allowFontScaling={true}
                ellipsizeMode="tail"
                numberOfLines={1}
                style={
                  Array [
                    Object {},
                    undefined,
                    undefined,
                    undefined,
                    undefined,
                    undefined,
                    undefined,
                    undefined,
                    undefined,
                    undefined,
                    Array [
                      Object {
                        "color": "#86939e",
                        "fontSize": 15,
                        "fontWeight": "600",
                        "marginTop": 1,
                      },
                      Object {
                        "marginLeft": 10,
                      },
                      undefined,
                      undefined,
                    ],
                  ]
                }
              >
                2000
              </Text>
            </View>
          </View>
          <View
            accessibilityComponentType={undefined}
            accessibilityLabel={undefined}
            accessibilityTraits={undefined}
            accessible={true}
            collapsable={undefined}
            hasTVPreferredFocus={undefined}
            hitSlop={undefined}
            isTVSelectable={true}
            nativeID={undefined}
            onLayout={undefined}
            onResponderGrant={[Function]}
            onResponderMove={[Function]}
            onResponderRelease={[Function]}
            onResponderTerminate={[Function]}
            onResponderTerminationRequest={[Function]}
            onStartShouldSetResponder={[Function]}
            style={
              Object {
                "alignItems": "flex-end",
                "justifyContent": "center",
                "opacity": 1,
              }
            }
            testID={undefined}
            tvParallaxProperties={undefined}
          >
            <View
              onPress={undefined}
              style={
                Array [
                  false,
                  false,
                  false,
                  Object {
                    "alignItems": "center",
                    "backgroundColor": "transparent",
                    "justifyContent": "center",
                  },
                  undefined,
                ]
              }
              underlayColor="white"
            >
              <Text
                accessible={true}
                allowFontScaling={false}
                ellipsizeMode="tail"
                style={
                  Array [
                    Object {
                      "color": "#bdc6cf",
                      "fontSize": 28,
                    },
                    Array [
                      Object {
                        "backgroundColor": "transparent",
                      },
                      undefined,
                    ],
                    Object {
                      "fontFamily": "Material Icons",
                      "fontStyle": "normal",
                      "fontWeight": "normal",
                    },
                  ]
                }
              >
                
              </Text>
            </View>
          </View>
        </View>
      </View>
    </View>
    <View
      accessibilityComponentType={undefined}
      accessibilityLabel={undefined}
      accessibilityTraits={undefined}
      accessible={true}
      collapsable={undefined}
      hasTVPreferredFocus={undefined}
      hitSlop={undefined}
      isTVSelectable={true}
      nativeID={undefined}
      onLayout={undefined}
      onResponderGrant={[Function]}
      onResponderMove={[Function]}
      onResponderRelease={[Function]}
      onResponderTerminate={[Function]}
      onResponderTerminationRequest={[Function]}
      onStartShouldSetResponder={[Function]}
      style={
        Object {
          "opacity": 1,
        }
      }
      testID={undefined}
      tvParallaxProperties={undefined}
    >
      <View
        disabled={false}
        onLongPress={undefined}
        onPress={undefined}
        style={
          Array [
            Object {
              "backgroundColor": "transparent",
              "borderBottomColor": "#bbb",
              "borderBottomWidth": 1,
              "paddingBottom": 10,
              "paddingRight": 10,
              "paddingTop": 10,
            },
            undefined,
            false,
            false,
          ]
        }
        underlayColor="white"
      >
        <View
          style={
            Array [
              Object {
                "alignItems": "center",
                "flexDirection": "row",
                "marginLeft": 10,
              },
              undefined,
            ]
          }
        >
          <View
            style={
              Object {
                "flex": 1,
                "justifyContent": "center",
              }
            }
          >
            <View
              style={undefined}
            >
              <Text
                accessible={true}
                allowFontScaling={true}
                ellipsizeMode="tail"
                numberOfLines={1}
                style={
                  Array [
                    Object {},
                    undefined,
                    undefined,
                    undefined,
                    undefined,
                    undefined,
                    undefined,
                    undefined,
                    undefined,
                    undefined,
                    Array [
                      Object {
                        "color": "#43484d",
                        "fontSize": 17.5,
                      },
                      Object {
                        "marginLeft": 10,
                      },
                      undefined,
                      undefined,
                    ],
                  ]
                }
              >
                Night at the Museum: Battle of the Smithsonian
              </Text>
            </View>
            <View
              style={undefined}
            >
              <Text
                accessible={true}
                allowFontScaling={true}
                ellipsizeMode="tail"
                numberOfLines={1}
                style={
                  Array [
                    Object {},
                    undefined,
                    undefined,
                    undefined,
                    undefined,
                    undefined,
                    undefined,
                    undefined,
                    undefined,
                    undefined,
                    Array [
                      Object {
                        "color": "#86939e",
                        "fontSize": 15,
                        "fontWeight": "600",
                        "marginTop": 1,
                      },
                      Object {
                        "marginLeft": 10,
                      },
                      undefined,
                      undefined,
                    ],
                  ]
                }
              >
                2009
              </Text>
            </View>
          </View>
          <View
            accessibilityComponentType={undefined}
            accessibilityLabel={undefined}
            accessibilityTraits={undefined}
            accessible={true}
            collapsable={undefined}
            hasTVPreferredFocus={undefined}
            hitSlop={undefined}
            isTVSelectable={true}
            nativeID={undefined}
            onLayout={undefined}
            onResponderGrant={[Function]}
            onResponderMove={[Function]}
            onResponderRelease={[Function]}
            onResponderTerminate={[Function]}
            onResponderTerminationRequest={[Function]}
            onStartShouldSetResponder={[Function]}
            style={
              Object {
                "alignItems": "flex-end",
                "justifyContent": "center",
                "opacity": 1,
              }
            }
            testID={undefined}
            tvParallaxProperties={undefined}
          >
            <View
              onPress={undefined}
              style={
                Array [
                  false,
                  false,
                  false,
                  Object {
                    "alignItems": "center",
                    "backgroundColor": "transparent",
                    "justifyContent": "center",
                  },
                  undefined,
                ]
              }
              underlayColor="white"
            >
              <Text
                accessible={true}
                allowFontScaling={false}
                ellipsizeMode="tail"
                style={
                  Array [
                    Object {
                      "color": "#bdc6cf",
                      "fontSize": 28,
                    },
                    Array [
                      Object {
                        "backgroundColor": "transparent",
                      },
                      undefined,
                    ],
                    Object {
                      "fontFamily": "Material Icons",
                      "fontStyle": "normal",
                      "fontWeight": "normal",
                    },
                  ]
                }
              >
                
              </Text>
            </View>
          </View>
        </View>
      </View>
    </View>
    <View
      accessibilityComponentType={undefined}
      accessibilityLabel={undefined}
      accessibilityTraits={undefined}
      accessible={true}
      collapsable={undefined}
      hasTVPreferredFocus={undefined}
      hitSlop={undefined}
      isTVSelectable={true}
      nativeID={undefined}
      onLayout={undefined}
      onResponderGrant={[Function]}
      onResponderMove={[Function]}
      onResponderRelease={[Function]}
      onResponderTerminate={[Function]}
      onResponderTerminationRequest={[Function]}
      onStartShouldSetResponder={[Function]}
      style={
        Object {
          "opacity": 1,
        }
      }
      testID={undefined}
      tvParallaxProperties={undefined}
    >
      <View
        disabled={false}
        onLongPress={undefined}
        onPress={undefined}
        style={
          Array [
            Object {
              "backgroundColor": "transparent",
              "borderBottomColor": "#bbb",
              "borderBottomWidth": 1,
              "paddingBottom": 10,
              "paddingRight": 10,
              "paddingTop": 10,
            },
            undefined,
            false,
            false,
          ]
        }
        underlayColor="white"
      >
        <View
          style={
            Array [
              Object {
                "alignItems": "center",
                "flexDirection": "row",
                "marginLeft": 10,
              },
              undefined,
            ]
          }
        >
          <View
            style={
              Object {
                "flex": 1,
                "justifyContent": "center",
              }
            }
          >
            <View
              style={undefined}
            >
              <Text
                accessible={true}
                allowFontScaling={true}
                ellipsizeMode="tail"
                numberOfLines={1}
                style={
                  Array [
                    Object {},
                    undefined,
                    undefined,
                    undefined,
                    undefined,
                    undefined,
                    undefined,
                    undefined,
                    undefined,
                    undefined,
                    Array [
                      Object {
                        "color": "#43484d",
                        "fontSize": 17.5,
                      },
                      Object {
                        "marginLeft": 10,
                      },
                      undefined,
                      undefined,
                    ],
                  ]
                }
              >
                The Battle of Algiers
              </Text>
            </View>
            <View
              style={undefined}
            >
              <Text
                accessible={true}
                allowFontScaling={true}
                ellipsizeMode="tail"
                numberOfLines={1}
                style={
                  Array [
                    Object {},
                    undefined,
                    undefined,
                    undefined,
                    undefined,
                    undefined,
                    undefined,
                    undefined,
                    undefined,
                    undefined,
                    Array [
                      Object {
                        "color": "#86939e",
                        "fontSize": 15,
                        "fontWeight": "600",
                        "marginTop": 1,
                      },
                      Object {
                        "marginLeft": 10,
                      },
                      undefined,
                      undefined,
                    ],
                  ]
                }
              >
                1966
              </Text>
            </View>
          </View>
          <View
            accessibilityComponentType={undefined}
            accessibilityLabel={undefined}
            accessibilityTraits={undefined}
            accessible={true}
            collapsable={undefined}
            hasTVPreferredFocus={undefined}
            hitSlop={undefined}
            isTVSelectable={true}
            nativeID={undefined}
            onLayout={undefined}
            onResponderGrant={[Function]}
            onResponderMove={[Function]}
            onResponderRelease={[Function]}
            onResponderTerminate={[Function]}
            onResponderTerminationRequest={[Function]}
            onStartShouldSetResponder={[Function]}
            style={
              Object {
                "alignItems": "flex-end",
                "justifyContent": "center",
                "opacity": 1,
              }
            }
            testID={undefined}
            tvParallaxProperties={undefined}
          >
            <View
              onPress={undefined}
              style={
                Array [
                  false,
                  false,
                  false,
                  Object {
                    "alignItems": "center",
                    "backgroundColor": "transparent",
                    "justifyContent": "center",
                  },
                  undefined,
                ]
              }
              underlayColor="white"
            >
              <Text
                accessible={true}
                allowFontScaling={false}
                ellipsizeMode="tail"
                style={
                  Array [
                    Object {
                      "color": "#bdc6cf",
                      "fontSize": 28,
                    },
                    Array [
                      Object {
                        "backgroundColor": "transparent",
                      },
                      undefined,
                    ],
                    Object {
                      "fontFamily": "Material Icons",
                      "fontStyle": "normal",
                      "fontWeight": "normal",
                    },
                  ]
                }
              >
                
              </Text>
            </View>
          </View>
        </View>
      </View>
    </View>
    <View
      accessibilityComponentType={undefined}
      accessibilityLabel={undefined}
      accessibilityTraits={undefined}
      accessible={true}
      collapsable={undefined}
      hasTVPreferredFocus={undefined}
      hitSlop={undefined}
      isTVSelectable={true}
      nativeID={undefined}
      onLayout={undefined}
      onResponderGrant={[Function]}
      onResponderMove={[Function]}
      onResponderRelease={[Function]}
      onResponderTerminate={[Function]}
      onResponderTerminationRequest={[Function]}
      onStartShouldSetResponder={[Function]}
      style={
        Object {
          "opacity": 1,
        }
      }
      testID={undefined}
      tvParallaxProperties={undefined}
    >
      <View
        disabled={false}
        onLongPress={undefined}
        onPress={undefined}
        style={
          Array [
            Object {
              "backgroundColor": "transparent",
              "borderBottomColor": "#bbb",
              "borderBottomWidth": 1,
              "paddingBottom": 10,
              "paddingRight": 10,
              "paddingTop": 10,
            },
            undefined,
            false,
            false,
          ]
        }
        underlayColor="white"
      >
        <View
          style={
            Array [
              Object {
                "alignItems": "center",
                "flexDirection": "row",
                "marginLeft": 10,
              },
              undefined,
            ]
          }
        >
          <View
            style={
              Object {
                "flex": 1,
                "justifyContent": "center",
              }
            }
          >
            <View
              style={undefined}
            >
              <Text
                accessible={true}
                allowFontScaling={true}
                ellipsizeMode="tail"
                numberOfLines={1}
                style={
                  Array [
                    Object {},
                    undefined,
                    undefined,
                    undefined,
                    undefined,
                    undefined,
                    undefined,
                    undefined,
                    undefined,
                    undefined,
                    Array [
                      Object {
                        "color": "#43484d",
                        "fontSize": 17.5,
                      },
                      Object {
                        "marginLeft": 10,
                      },
                      undefined,
                      undefined,
                    ],
                  ]
                }
              >
                Battle of the Sexes
              </Text>
            </View>
            <View
              style={undefined}
            >
              <Text
                accessible={true}
                allowFontScaling={true}
                ellipsizeMode="tail"
                numberOfLines={1}
                style={
                  Array [
                    Object {},
                    undefined,
                    undefined,
                    undefined,
                    undefined,
                    undefined,
                    undefined,
                    undefined,
                    undefined,
                    undefined,
                    Array [
                      Object {
                        "color": "#86939e",
                        "fontSize": 15,
                        "fontWeight": "600",
                        "marginTop": 1,
                      },
                      Object {
                        "marginLeft": 10,
                      },
                      undefined,
                      undefined,
                    ],
                  ]
                }
              >
                2017
              </Text>
            </View>
          </View>
          <View
            accessibilityComponentType={undefined}
            accessibilityLabel={undefined}
            accessibilityTraits={undefined}
            accessible={true}
            collapsable={undefined}
            hasTVPreferredFocus={undefined}
            hitSlop={undefined}
            isTVSelectable={true}
            nativeID={undefined}
            onLayout={undefined}
            onResponderGrant={[Function]}
            onResponderMove={[Function]}
            onResponderRelease={[Function]}
            onResponderTerminate={[Function]}
            onResponderTerminationRequest={[Function]}
            onStartShouldSetResponder={[Function]}
            style={
              Object {
                "alignItems": "flex-end",
                "justifyContent": "center",
                "opacity": 1,
              }
            }
            testID={undefined}
            tvParallaxProperties={undefined}
          >
            <View
              onPress={undefined}
              style={
                Array [
                  false,
                  false,
                  false,
                  Object {
                    "alignItems": "center",
                    "backgroundColor": "transparent",
                    "justifyContent": "center",
                  },
                  undefined,
                ]
              }
              underlayColor="white"
            >
              <Text
                accessible={true}
                allowFontScaling={false}
                ellipsizeMode="tail"
                style={
                  Array [
                    Object {
                      "color": "#bdc6cf",
                      "fontSize": 28,
                    },
                    Array [
                      Object {
                        "backgroundColor": "transparent",
                      },
                      undefined,
                    ],
                    Object {
                      "fontFamily": "Material Icons",
                      "fontStyle": "normal",
                      "fontWeight": "normal",
                    },
                  ]
                }
              >
                
              </Text>
            </View>
          </View>
        </View>
      </View>
    </View>
    <View
      accessibilityComponentType={undefined}
      accessibilityLabel={undefined}
      accessibilityTraits={undefined}
      accessible={true}
      collapsable={undefined}
      hasTVPreferredFocus={undefined}
      hitSlop={undefined}
      isTVSelectable={true}
      nativeID={undefined}
      onLayout={undefined}
      onResponderGrant={[Function]}
      onResponderMove={[Function]}
      onResponderRelease={[Function]}
      onResponderTerminate={[Function]}
      onResponderTerminationRequest={[Function]}
      onStartShouldSetResponder={[Function]}
      style={
        Object {
          "opacity": 1,
        }
      }
      testID={undefined}
      tvParallaxProperties={undefined}
    >
      <View
        disabled={false}
        onLongPress={undefined}
        onPress={undefined}
        style={
          Array [
            Object {
              "backgroundColor": "transparent",
              "borderBottomColor": "#bbb",
              "borderBottomWidth": 1,
              "paddingBottom": 10,
              "paddingRight": 10,
              "paddingTop": 10,
            },
            undefined,
            false,
            false,
          ]
        }
        underlayColor="white"
      >
        <View
          style={
            Array [
              Object {
                "alignItems": "center",
                "flexDirection": "row",
                "marginLeft": 10,
              },
              undefined,
            ]
          }
        >
          <View
            style={
              Object {
                "flex": 1,
                "justifyContent": "center",
              }
            }
          >
            <View
              style={undefined}
            >
              <Text
                accessible={true}
                allowFontScaling={true}
                ellipsizeMode="tail"
                numberOfLines={1}
                style={
                  Array [
                    Object {},
                    undefined,
                    undefined,
                    undefined,
                    undefined,
                    undefined,
                    undefined,
                    undefined,
                    undefined,
                    undefined,
                    Array [
                      Object {
                        "color": "#43484d",
                        "fontSize": 17.5,
                      },
                      Object {
                        "marginLeft": 10,
                      },
                      undefined,
                      undefined,
                    ],
                  ]
                }
              >
                Battle for the Planet of the Apes
              </Text>
            </View>
            <View
              style={undefined}
            >
              <Text
                accessible={true}
                allowFontScaling={true}
                ellipsizeMode="tail"
                numberOfLines={1}
                style={
                  Array [
                    Object {},
                    undefined,
                    undefined,
                    undefined,
                    undefined,
                    undefined,
                    undefined,
                    undefined,
                    undefined,
                    undefined,
                    Array [
                      Object {
                        "color": "#86939e",
                        "fontSize": 15,
                        "fontWeight": "600",
                        "marginTop": 1,
                      },
                      Object {
                        "marginLeft": 10,
                      },
                      undefined,
                      undefined,
                    ],
                  ]
                }
              >
                1973
              </Text>
            </View>
          </View>
          <View
            accessibilityComponentType={undefined}
            accessibilityLabel={undefined}
            accessibilityTraits={undefined}
            accessible={true}
            collapsable={undefined}
            hasTVPreferredFocus={undefined}
            hitSlop={undefined}
            isTVSelectable={true}
            nativeID={undefined}
            onLayout={undefined}
            onResponderGrant={[Function]}
            onResponderMove={[Function]}
            onResponderRelease={[Function]}
            onResponderTerminate={[Function]}
            onResponderTerminationRequest={[Function]}
            onStartShouldSetResponder={[Function]}
            style={
              Object {
                "alignItems": "flex-end",
                "justifyContent": "center",
                "opacity": 1,
              }
            }
            testID={undefined}
            tvParallaxProperties={undefined}
          >
            <View
              onPress={undefined}
              style={
                Array [
                  false,
                  false,
                  false,
                  Object {
                    "alignItems": "center",
                    "backgroundColor": "transparent",
                    "justifyContent": "center",
                  },
                  undefined,
                ]
              }
              underlayColor="white"
            >
              <Text
                accessible={true}
                allowFontScaling={false}
                ellipsizeMode="tail"
                style={
                  Array [
                    Object {
                      "color": "#bdc6cf",
                      "fontSize": 28,
                    },
                    Array [
                      Object {
                        "backgroundColor": "transparent",
                      },
                      undefined,
                    ],
                    Object {
                      "fontFamily": "Material Icons",
                      "fontStyle": "normal",
                      "fontWeight": "normal",
                    },
                  ]
                }
              >
                
              </Text>
            </View>
          </View>
        </View>
      </View>
    </View>
    <View
      accessibilityComponentType={undefined}
      accessibilityLabel={undefined}
      accessibilityTraits={undefined}
      accessible={true}
      collapsable={undefined}
      hasTVPreferredFocus={undefined}
      hitSlop={undefined}
      isTVSelectable={true}
      nativeID={undefined}
      onLayout={undefined}
      onResponderGrant={[Function]}
      onResponderMove={[Function]}
      onResponderRelease={[Function]}
      onResponderTerminate={[Function]}
      onResponderTerminationRequest={[Function]}
      onStartShouldSetResponder={[Function]}
      style={
        Object {
          "opacity": 1,
        }
      }
      testID={undefined}
      tvParallaxProperties={undefined}
    >
      <View
        disabled={false}
        onLongPress={undefined}
        onPress={undefined}
        style={
          Array [
            Object {
              "backgroundColor": "transparent",
              "borderBottomColor": "#bbb",
              "borderBottomWidth": 1,
              "paddingBottom": 10,
              "paddingRight": 10,
              "paddingTop": 10,
            },
            undefined,
            false,
            false,
          ]
        }
        underlayColor="white"
      >
        <View
          style={
            Array [
              Object {
                "alignItems": "center",
                "flexDirection": "row",
                "marginLeft": 10,
              },
              undefined,
            ]
          }
        >
          <View
            style={
              Object {
                "flex": 1,
                "justifyContent": "center",
              }
            }
          >
            <View
              style={undefined}
            >
              <Text
                accessible={true}
                allowFontScaling={true}
                ellipsizeMode="tail"
                numberOfLines={1}
                style={
                  Array [
                    Object {},
                    undefined,
                    undefined,
                    undefined,
                    undefined,
                    undefined,
                    undefined,
                    undefined,
                    undefined,
                    undefined,
                    Array [
                      Object {
                        "color": "#43484d",
                        "fontSize": 17.5,
                      },
                      Object {
                        "marginLeft": 10,
                      },
                      undefined,
                      undefined,
                    ],
                  ]
                }
              >
                Dragon Ball Z: Battle of Gods
              </Text>
            </View>
            <View
              style={undefined}
            >
              <Text
                accessible={true}
                allowFontScaling={true}
                ellipsizeMode="tail"
                numberOfLines={1}
                style={
                  Array [
                    Object {},
                    undefined,
                    undefined,
                    undefined,
                    undefined,
                    undefined,
                    undefined,
                    undefined,
                    undefined,
                    undefined,
                    Array [
                      Object {
                        "color": "#86939e",
                        "fontSize": 15,
                        "fontWeight": "600",
                        "marginTop": 1,
                      },
                      Object {
                        "marginLeft": 10,
                      },
                      undefined,
                      undefined,
                    ],
                  ]
                }
              >
                2013
              </Text>
            </View>
          </View>
          <View
            accessibilityComponentType={undefined}
            accessibilityLabel={undefined}
            accessibilityTraits={undefined}
            accessible={true}
            collapsable={undefined}
            hasTVPreferredFocus={undefined}
            hitSlop={undefined}
            isTVSelectable={true}
            nativeID={undefined}
            onLayout={undefined}
            onResponderGrant={[Function]}
            onResponderMove={[Function]}
            onResponderRelease={[Function]}
            onResponderTerminate={[Function]}
            onResponderTerminationRequest={[Function]}
            onStartShouldSetResponder={[Function]}
            style={
              Object {
                "alignItems": "flex-end",
                "justifyContent": "center",
                "opacity": 1,
              }
            }
            testID={undefined}
            tvParallaxProperties={undefined}
          >
            <View
              onPress={undefined}
              style={
                Array [
                  false,
                  false,
                  false,
                  Object {
                    "alignItems": "center",
                    "backgroundColor": "transparent",
                    "justifyContent": "center",
                  },
                  undefined,
                ]
              }
              underlayColor="white"
            >
              <Text
                accessible={true}
                allowFontScaling={false}
                ellipsizeMode="tail"
                style={
                  Array [
                    Object {
                      "color": "#bdc6cf",
                      "fontSize": 28,
                    },
                    Array [
                      Object {
                        "backgroundColor": "transparent",
                      },
                      undefined,
                    ],
                    Object {
                      "fontFamily": "Material Icons",
                      "fontStyle": "normal",
                      "fontWeight": "normal",
                    },
                  ]
                }
              >
                
              </Text>
            </View>
          </View>
        </View>
      </View>
    </View>
    <View
      accessibilityComponentType={undefined}
      accessibilityLabel={undefined}
      accessibilityTraits={undefined}
      accessible={true}
      collapsable={undefined}
      hasTVPreferredFocus={undefined}
      hitSlop={undefined}
      isTVSelectable={true}
      nativeID={undefined}
      onLayout={undefined}
      onResponderGrant={[Function]}
      onResponderMove={[Function]}
      onResponderRelease={[Function]}
      onResponderTerminate={[Function]}
      onResponderTerminationRequest={[Function]}
      onStartShouldSetResponder={[Function]}
      style={
        Object {
          "opacity": 1,
        }
      }
      testID={undefined}
      tvParallaxProperties={undefined}
    >
      <View
        disabled={false}
        onLongPress={undefined}
        onPress={undefined}
        style={
          Array [
            Object {
              "backgroundColor": "transparent",
              "borderBottomColor": "#bbb",
              "borderBottomWidth": 1,
              "paddingBottom": 10,
              "paddingRight": 10,
              "paddingTop": 10,
            },
            undefined,
            false,
            false,
          ]
        }
        underlayColor="white"
      >
        <View
          style={
            Array [
              Object {
                "alignItems": "center",
                "flexDirection": "row",
                "marginLeft": 10,
              },
              undefined,
            ]
          }
        >
          <View
            style={
              Object {
                "flex": 1,
                "justifyContent": "center",
              }
            }
          >
            <View
              style={undefined}
            >
              <Text
                accessible={true}
                allowFontScaling={true}
                ellipsizeMode="tail"
                numberOfLines={1}
                style={
                  Array [
                    Object {},
                    undefined,
                    undefined,
                    undefined,
                    undefined,
                    undefined,
                    undefined,
                    undefined,
                    undefined,
                    undefined,
                    Array [
                      Object {
                        "color": "#43484d",
                        "fontSize": 17.5,
                      },
                      Object {
                        "marginLeft": 10,
                      },
                      undefined,
                      undefined,
                    ],
                  ]
                }
              >
                Dragon Ball Z: Battle of Gods
              </Text>
            </View>
            <View
              style={undefined}
            >
              <Text
                accessible={true}
                allowFontScaling={true}
                ellipsizeMode="tail"
                numberOfLines={1}
                style={
                  Array [
                    Object {},
                    undefined,
                    undefined,
                    undefined,
                    undefined,
                    undefined,
                    undefined,
                    undefined,
                    undefined,
                    undefined,
                    Array [
                      Object {
                        "color": "#86939e",
                        "fontSize": 15,
                        "fontWeight": "600",
                        "marginTop": 1,
                      },
                      Object {
                        "marginLeft": 10,
                      },
                      undefined,
                      undefined,
                    ],
                  ]
                }
              >
                2013
              </Text>
            </View>
          </View>
          <View
            accessibilityComponentType={undefined}
            accessibilityLabel={undefined}
            accessibilityTraits={undefined}
            accessible={true}
            collapsable={undefined}
            hasTVPreferredFocus={undefined}
            hitSlop={undefined}
            isTVSelectable={true}
            nativeID={undefined}
            onLayout={undefined}
            onResponderGrant={[Function]}
            onResponderMove={[Function]}
            onResponderRelease={[Function]}
            onResponderTerminate={[Function]}
            onResponderTerminationRequest={[Function]}
            onStartShouldSetResponder={[Function]}
            style={
              Object {
                "alignItems": "flex-end",
                "justifyContent": "center",
                "opacity": 1,
              }
            }
            testID={undefined}
            tvParallaxProperties={undefined}
          >
            <View
              onPress={undefined}
              style={
                Array [
                  false,
                  false,
                  false,
                  Object {
                    "alignItems": "center",
                    "backgroundColor": "transparent",
                    "justifyContent": "center",
                  },
                  undefined,
                ]
              }
              underlayColor="white"
            >
              <Text
                accessible={true}
                allowFontScaling={false}
                ellipsizeMode="tail"
                style={
                  Array [
                    Object {
                      "color": "#bdc6cf",
                      "fontSize": 28,
                    },
                    Array [
                      Object {
                        "backgroundColor": "transparent",
                      },
                      undefined,
                    ],
                    Object {
                      "fontFamily": "Material Icons",
                      "fontStyle": "normal",
                      "fontWeight": "normal",
                    },
                  ]
                }
              >
                
              </Text>
            </View>
          </View>
        </View>
      </View>
    </View>
    <View
      accessibilityComponentType={undefined}
      accessibilityLabel={undefined}
      accessibilityTraits={undefined}
      accessible={true}
      collapsable={undefined}
      hasTVPreferredFocus={undefined}
      hitSlop={undefined}
      isTVSelectable={true}
      nativeID={undefined}
      onLayout={undefined}
      onResponderGrant={[Function]}
      onResponderMove={[Function]}
      onResponderRelease={[Function]}
      onResponderTerminate={[Function]}
      onResponderTerminationRequest={[Function]}
      onStartShouldSetResponder={[Function]}
      style={
        Object {
          "opacity": 1,
        }
      }
      testID={undefined}
      tvParallaxProperties={undefined}
    >
      <View
        disabled={false}
        onLongPress={undefined}
        onPress={undefined}
        style={
          Array [
            Object {
              "backgroundColor": "transparent",
              "borderBottomColor": "#bbb",
              "borderBottomWidth": 1,
              "paddingBottom": 10,
              "paddingRight": 10,
              "paddingTop": 10,
            },
            undefined,
            false,
            false,
          ]
        }
        underlayColor="white"
      >
        <View
          style={
            Array [
              Object {
                "alignItems": "center",
                "flexDirection": "row",
                "marginLeft": 10,
              },
              undefined,
            ]
          }
        >
          <View
            style={
              Object {
                "flex": 1,
                "justifyContent": "center",
              }
            }
          >
            <View
              style={undefined}
            >
              <Text
                accessible={true}
                allowFontScaling={true}
                ellipsizeMode="tail"
                numberOfLines={1}
                style={
                  Array [
                    Object {},
                    undefined,
                    undefined,
                    undefined,
                    undefined,
                    undefined,
                    undefined,
                    undefined,
                    undefined,
                    undefined,
                    Array [
                      Object {
                        "color": "#43484d",
                        "fontSize": 17.5,
                      },
                      Object {
                        "marginLeft": 10,
                      },
                      undefined,
                      undefined,
                    ],
                  ]
                }
              >
                Battle of Britain
              </Text>
            </View>
            <View
              style={undefined}
            >
              <Text
                accessible={true}
                allowFontScaling={true}
                ellipsizeMode="tail"
                numberOfLines={1}
                style={
                  Array [
                    Object {},
                    undefined,
                    undefined,
                    undefined,
                    undefined,
                    undefined,
                    undefined,
                    undefined,
                    undefined,
                    undefined,
                    Array [
                      Object {
                        "color": "#86939e",
                        "fontSize": 15,
                        "fontWeight": "600",
                        "marginTop": 1,
                      },
                      Object {
                        "marginLeft": 10,
                      },
                      undefined,
                      undefined,
                    ],
                  ]
                }
              >
                1969
              </Text>
            </View>
          </View>
          <View
            accessibilityComponentType={undefined}
            accessibilityLabel={undefined}
            accessibilityTraits={undefined}
            accessible={true}
            collapsable={undefined}
            hasTVPreferredFocus={undefined}
            hitSlop={undefined}
            isTVSelectable={true}
            nativeID={undefined}
            onLayout={undefined}
            onResponderGrant={[Function]}
            onResponderMove={[Function]}
            onResponderRelease={[Function]}
            onResponderTerminate={[Function]}
            onResponderTerminationRequest={[Function]}
            onStartShouldSetResponder={[Function]}
            style={
              Object {
                "alignItems": "flex-end",
                "justifyContent": "center",
                "opacity": 1,
              }
            }
            testID={undefined}
            tvParallaxProperties={undefined}
          >
            <View
              onPress={undefined}
              style={
                Array [
                  false,
                  false,
                  false,
                  Object {
                    "alignItems": "center",
                    "backgroundColor": "transparent",
                    "justifyContent": "center",
                  },
                  undefined,
                ]
              }
              underlayColor="white"
            >
              <Text
                accessible={true}
                allowFontScaling={false}
                ellipsizeMode="tail"
                style={
                  Array [
                    Object {
                      "color": "#bdc6cf",
                      "fontSize": 28,
                    },
                    Array [
                      Object {
                        "backgroundColor": "transparent",
                      },
                      undefined,
                    ],
                    Object {
                      "fontFamily": "Material Icons",
                      "fontStyle": "normal",
                      "fontWeight": "normal",
                    },
                  ]
                }
              >
                
              </Text>
            </View>
          </View>
        </View>
      </View>
    </View>
  </View>,
]
`;
