// Jest Snapshot v1, https://goo.gl/fbAQLP

exports[`renders 1`] = `
<TouchableHighlight
  activeOpacity={0.85}
  delayPressOut={100}
  onPress={[Function]}
  underlayColor="black"
>
  <Text
    accessible={true}
    allowFontScaling={true}
    ellipsizeMode="tail"
    style={
      Object {
        "fontSize": 18,
        "lineHeight": 30,
      }
    }
  >
    The Hobbit: The Battle of the Five Armies, 2014
  </Text>
</TouchableHighlight>
`;
