// Jest Snapshot v1, https://goo.gl/fbAQLP

exports[`renders 1`] = `
<Image
  loadingIndicatorSource={1}
  resizeMode="contain"
  source={
    Object {
      "uri": "uri.to.image",
    }
  }
  style={
    Object {
      "alignItems": "flex-start",
      "flex": 1,
      "height": undefined,
      "width": undefined,
    }
  }
/>
`;
