// Jest Snapshot v1, https://goo.gl/fbAQLP

exports[`renders children 1`] = `
<button
  onPress={[MockFunction]}
  style={
    Object {
      "background": "none",
      "border": "none",
      "cursor": "pointer",
      "fontSize": "12pt",
      "padding": "0!important",
    }
  }
>
  Push Me
</button>
`;
